<?xml version="1.0" encoding="UTF-8"?>
<dataset>

    <COCKTAIL ID="cocktail-000001" MENU_ID="1" NAME="B52" DESCRIPTION="The B-52 cocktail is a layered shot composed of a coffee liqueur, an Irish cream, and a triple sec. When prepared properly, the ingredients separate into three distinctly visible layers." IMAGE_URL="http://www.allcocktails.net/gallery/b-52-cocktail/b52-cocktail.png"></COCKTAIL>
    <COCKTAIL ID="cocktail-000002" MENU_ID="1" NAME="B53"></COCKTAIL>
    <COCKTAIL ID="cocktail-000003" MENU_ID="1" NAME="Green Mexican"></COCKTAIL>
    <COCKTAIL ID="cocktail-000004" MENU_ID="1" NAME="Blow Job"></COCKTAIL>
    <COCKTAIL ID="cocktail-000005" MENU_ID="2" NAME="Long Island Iced Tea" DESCRIPTION="A Long Island Iced Tea is a type of alcoholic mixed drink typically made with, among other ingredients, tequila, vodka, light rum, triple sec, and gin. It is so named because of the resemblance to the color and taste of iced tea." IMAGE_URL="http://liquor.s3.amazonaws.com/wp-content/uploads/2013/07/Long-Island-Iced-Tea.jpg"></COCKTAIL>
    <COCKTAIL ID="cocktail-000006" MENU_ID="2" NAME="Tequila Sunrise"></COCKTAIL>
    <COCKTAIL ID="cocktail-000007" MENU_ID="2" NAME="Black Russian"></COCKTAIL>
    <COCKTAIL ID="cocktail-000008" MENU_ID="2" NAME="Hurricane" ></COCKTAIL>
    <COCKTAIL ID="cocktail-000009" MENU_ID="2" NAME="Mai Tai"></COCKTAIL>
    <COCKTAIL ID="cocktail-000010" MENU_ID="2" NAME="Margarita" DESCRIPTION="The margarita is a cocktail consisting of tequila, triple sec and lime or lemon juice, often served with salt on the rim of the glass. The drink is served shaken with ice, blended with ice, or without ice." IMAGE_URL="http://liquor.s3.amazonaws.com/wp-content/uploads/2013/02/Margarita-new.jpg"></COCKTAIL>
    <COCKTAIL ID="cocktail-000011" MENU_ID="2" NAME="Sex on the beach"></COCKTAIL>
    <COCKTAIL ID="cocktail-000012" MENU_ID="3" NAME="Banana Blast II"></COCKTAIL>

    <COCKTAIL ID="cocktail-000099" MENU_ID="2" NAME="New Cocktail" DESCRIPTION="some description" IMAGE_URL="http://img.path.jpg"></COCKTAIL>

    <COCKTAIL_TO_INGREDIENT COCKTAIL_ID="cocktail-000001" INGREDIENT_ID="8" VOLUME="20" MEASUREMENT="ML"></COCKTAIL_TO_INGREDIENT>
    <COCKTAIL_TO_INGREDIENT COCKTAIL_ID="cocktail-000001" INGREDIENT_ID="11" VOLUME="20" MEASUREMENT="ML"></COCKTAIL_TO_INGREDIENT>
    <COCKTAIL_TO_INGREDIENT COCKTAIL_ID="cocktail-000001" INGREDIENT_ID="16" VOLUME="20" MEASUREMENT="ML"></COCKTAIL_TO_INGREDIENT>
    <COCKTAIL_TO_INGREDIENT COCKTAIL_ID="cocktail-000007" INGREDIENT_ID="16" VOLUME="50" MEASUREMENT="ML"></COCKTAIL_TO_INGREDIENT>
    <COCKTAIL_TO_INGREDIENT COCKTAIL_ID="cocktail-000007" INGREDIENT_ID="17" VOLUME="150" MEASUREMENT="ML"></COCKTAIL_TO_INGREDIENT>
    <COCKTAIL_TO_INGREDIENT COCKTAIL_ID="cocktail-000007" INGREDIENT_ID="14" VOLUME="5" MEASUREMENT="PCS"></COCKTAIL_TO_INGREDIENT>
    <COCKTAIL_TO_INGREDIENT COCKTAIL_ID="cocktail-000006" INGREDIENT_ID="13" VOLUME="150" MEASUREMENT="ML"></COCKTAIL_TO_INGREDIENT>
    <COCKTAIL_TO_INGREDIENT COCKTAIL_ID="cocktail-000006" INGREDIENT_ID="4" VOLUME="50" MEASUREMENT="ML"></COCKTAIL_TO_INGREDIENT>
    <COCKTAIL_TO_INGREDIENT COCKTAIL_ID="cocktail-000006" INGREDIENT_ID="14" VOLUME="5" MEASUREMENT="PCS"></COCKTAIL_TO_INGREDIENT>
    <COCKTAIL_TO_INGREDIENT COCKTAIL_ID="cocktail-000005" INGREDIENT_ID="1" VOLUME="20" MEASUREMENT="ML"></COCKTAIL_TO_INGREDIENT>
    <COCKTAIL_TO_INGREDIENT COCKTAIL_ID="cocktail-000005" INGREDIENT_ID="2" VOLUME="20" MEASUREMENT="ML"></COCKTAIL_TO_INGREDIENT>
    <COCKTAIL_TO_INGREDIENT COCKTAIL_ID="cocktail-000005" INGREDIENT_ID="3" VOLUME="20" MEASUREMENT="ML"></COCKTAIL_TO_INGREDIENT>
    <COCKTAIL_TO_INGREDIENT COCKTAIL_ID="cocktail-000005" INGREDIENT_ID="4" VOLUME="20" MEASUREMENT="ML"></COCKTAIL_TO_INGREDIENT>
    <COCKTAIL_TO_INGREDIENT COCKTAIL_ID="cocktail-000005" INGREDIENT_ID="6" VOLUME="20" MEASUREMENT="ML"></COCKTAIL_TO_INGREDIENT>
    <COCKTAIL_TO_INGREDIENT COCKTAIL_ID="cocktail-000005" INGREDIENT_ID="17" VOLUME="150" MEASUREMENT="ML"></COCKTAIL_TO_INGREDIENT>
    <COCKTAIL_TO_INGREDIENT COCKTAIL_ID="cocktail-000005" INGREDIENT_ID="14" VOLUME="5" MEASUREMENT="PCS"></COCKTAIL_TO_INGREDIENT>
    <COCKTAIL_TO_INGREDIENT COCKTAIL_ID="cocktail-000005" INGREDIENT_ID="18" VOLUME="5" MEASUREMENT="PCS"></COCKTAIL_TO_INGREDIENT>

    <COCKTAIL_TO_INGREDIENT COCKTAIL_ID="cocktail-000099" INGREDIENT_ID="1" VOLUME="10" MEASUREMENT="ML"></COCKTAIL_TO_INGREDIENT>
    <COCKTAIL_TO_INGREDIENT COCKTAIL_ID="cocktail-000099" INGREDIENT_ID="2" VOLUME="20" MEASUREMENT="ML"></COCKTAIL_TO_INGREDIENT>
    <COCKTAIL_TO_INGREDIENT COCKTAIL_ID="cocktail-000099" INGREDIENT_ID="3" VOLUME="30" MEASUREMENT="ML"></COCKTAIL_TO_INGREDIENT>
    <COCKTAIL_TO_INGREDIENT COCKTAIL_ID="cocktail-000099" INGREDIENT_ID="4" VOLUME="40" MEASUREMENT="ML"></COCKTAIL_TO_INGREDIENT>
    <COCKTAIL_TO_INGREDIENT COCKTAIL_ID="cocktail-000099" INGREDIENT_ID="5" VOLUME="50" MEASUREMENT="ML"></COCKTAIL_TO_INGREDIENT>
    <COCKTAIL_TO_INGREDIENT COCKTAIL_ID="cocktail-000099" INGREDIENT_ID="6" VOLUME="60" MEASUREMENT="ML"></COCKTAIL_TO_INGREDIENT>
    <COCKTAIL_TO_INGREDIENT COCKTAIL_ID="cocktail-000099" INGREDIENT_ID="7" VOLUME="70" MEASUREMENT="ML"></COCKTAIL_TO_INGREDIENT>
    <COCKTAIL_TO_INGREDIENT COCKTAIL_ID="cocktail-000099" INGREDIENT_ID="8" VOLUME="80" MEASUREMENT="ML"></COCKTAIL_TO_INGREDIENT>
    <COCKTAIL_TO_INGREDIENT COCKTAIL_ID="cocktail-000099" INGREDIENT_ID="9" VOLUME="90" MEASUREMENT="ML"></COCKTAIL_TO_INGREDIENT>
    <COCKTAIL_TO_INGREDIENT COCKTAIL_ID="cocktail-000099" INGREDIENT_ID="10" VOLUME="100" MEASUREMENT="ML"></COCKTAIL_TO_INGREDIENT>
    <COCKTAIL_TO_INGREDIENT COCKTAIL_ID="cocktail-000099" INGREDIENT_ID="11" VOLUME="110" MEASUREMENT="ML"></COCKTAIL_TO_INGREDIENT>
    <COCKTAIL_TO_INGREDIENT COCKTAIL_ID="cocktail-000099" INGREDIENT_ID="12" VOLUME="120" MEASUREMENT="ML"></COCKTAIL_TO_INGREDIENT>
    <COCKTAIL_TO_INGREDIENT COCKTAIL_ID="cocktail-000099" INGREDIENT_ID="13" VOLUME="130" MEASUREMENT="ML"></COCKTAIL_TO_INGREDIENT>
    <COCKTAIL_TO_INGREDIENT COCKTAIL_ID="cocktail-000099" INGREDIENT_ID="14" VOLUME="140" MEASUREMENT="ML"></COCKTAIL_TO_INGREDIENT>
    <COCKTAIL_TO_INGREDIENT COCKTAIL_ID="cocktail-000099" INGREDIENT_ID="15" VOLUME="150" MEASUREMENT="ML"></COCKTAIL_TO_INGREDIENT>
    <COCKTAIL_TO_INGREDIENT COCKTAIL_ID="cocktail-000099" INGREDIENT_ID="16" VOLUME="160" MEASUREMENT="ML"></COCKTAIL_TO_INGREDIENT>
    <COCKTAIL_TO_INGREDIENT COCKTAIL_ID="cocktail-000099" INGREDIENT_ID="17" VOLUME="170" MEASUREMENT="ML"></COCKTAIL_TO_INGREDIENT>
    <COCKTAIL_TO_INGREDIENT COCKTAIL_ID="cocktail-000099" INGREDIENT_ID="18" VOLUME="180" MEASUREMENT="ML"></COCKTAIL_TO_INGREDIENT>

</dataset>