<?xml version="1.0" encoding="UTF-8"?>
<dataset>

    <!-- user management -->
    <USERS USERNAME="super" PASSWORD="super" NAME="super" SURNAME="super" EMAIL="super@mybar.com" ACTIVE="1"></USERS>
    <USERS USERNAME="admin" PASSWORD="admin" NAME="admin" SURNAME="admin" EMAIL="admin@mybar.com" ACTIVE="1"></USERS>
    <USERS USERNAME="analyst" PASSWORD="analyst" NAME="analyst" SURNAME="analyst" EMAIL="analyst@mybar.com" ACTIVE="1"></USERS>
    <USERS USERNAME="client" PASSWORD="client" NAME="client" SURNAME="client" EMAIL="client@mybar.com" ACTIVE="0"></USERS>

    <ROLES ROLE_NAME="ROLE_SUPER" DESCRIPTION=""></ROLES>
    <ROLES ROLE_NAME="ROLE_ADMIN" DESCRIPTION=""></ROLES>
    <ROLES ROLE_NAME="ROLE_ANALYST" DESCRIPTION=""></ROLES>
    <ROLES ROLE_NAME="ROLE_USER" DESCRIPTION=""></ROLES>

    <USER_HAS_ROLES USERNAME="super" ROLE_NAME="ROLE_SUPER"></USER_HAS_ROLES>
    <USER_HAS_ROLES USERNAME="admin" ROLE_NAME="ROLE_ADMIN"></USER_HAS_ROLES>
    <USER_HAS_ROLES USERNAME="analyst" ROLE_NAME="ROLE_ANALYST"></USER_HAS_ROLES>
    <USER_HAS_ROLES USERNAME="client" ROLE_NAME="ROLE_USER"></USER_HAS_ROLES>

</dataset>