<?xml version="1.0" encoding="UTF-8"?>
<dataset>

    <BOTTLES ID="bottle-000002" INGREDIENT_ID="2" VOLUME="0.75" PRICE="140" BRAND_NAME="" IN_SHELF="true"/>
    <BOTTLES ID="bottle-000003" INGREDIENT_ID="3" VOLUME="1" PRICE="198.5" BRAND_NAME="Bacardi" IN_SHELF="true"/>
    <BOTTLES ID="bottle-000004" INGREDIENT_ID="4" VOLUME="1" PRICE="178" BRAND_NAME="" IN_SHELF="true"/>
    <BOTTLES ID="bottle-000005" INGREDIENT_ID="8" VOLUME="0.5" PRICE="172.35" BRAND_NAME="" IN_SHELF="true"/>
    <BOTTLES ID="bottle-000006" INGREDIENT_ID="6" VOLUME="1" PRICE="254" BRAND_NAME="" IN_SHELF="true"/>
    <BOTTLES ID="bottle-000007" INGREDIENT_ID="3" VOLUME="0.5" PRICE="119" BRAND_NAME="Havana Club" IN_SHELF="false" IMAGE_URL="http://rum.last.jpg"/>

</dataset>