<?xml version="1.0" encoding="UTF-8"?>
<dataset>

    <COCKTAILS ID="cocktail-000001" MENU_ID="1" NAME="B52" DESCRIPTION="The B-52 cocktail is a layered shot composed of a coffee liqueur, an Irish cream, and a triple sec. When prepared properly, the ingredients separate into three distinctly visible layers." IMAGE_URL="http://www.allcocktails.net/gallery/b-52-cocktail/b52-cocktail.png"/>
    <COCKTAILS ID="cocktail-000002" MENU_ID="1" NAME="B53"/>
    <COCKTAILS ID="cocktail-000003" MENU_ID="1" NAME="Green Mexican"/>
    <COCKTAILS ID="cocktail-000004" MENU_ID="1" NAME="Blow Job"/>
    <COCKTAILS ID="cocktail-000005" MENU_ID="2" NAME="Long Island Iced Tea" DESCRIPTION="A Long Island Iced Tea is a type of alcoholic mixed drink typically made with, among other ingredients, tequila, vodka, light rum, triple sec, and gin. It is so named because of the resemblance to the color and taste of iced tea." IMAGE_URL="http://liquor.s3.amazonaws.com/wp-content/uploads/2013/07/Long-Island-Iced-Tea.jpg"/>
    <COCKTAILS ID="cocktail-000006" MENU_ID="2" NAME="Tequila Sunrise"/>
    <COCKTAILS ID="cocktail-000007" MENU_ID="2" NAME="Black Russian"/>
    <COCKTAILS ID="cocktail-000008" MENU_ID="2" NAME="Hurricane" />
    <COCKTAILS ID="cocktail-000009" MENU_ID="3" NAME="Random smoothie name" DESCRIPTION="Random smoothie description" IMAGE_URL="http://test-url.image.jpg"/>
    <COCKTAILS ID="cocktail-000010" MENU_ID="2" NAME="Margarita" DESCRIPTION="The margarita is a cocktail consisting of tequila, triple sec and lime or lemon juice, often served with salt on the rim of the glass. The drink is served shaken with ice, blended with ice, or without ice." IMAGE_URL="http://liquor.s3.amazonaws.com/wp-content/uploads/2013/02/Margarita-new.jpg"/>
    <COCKTAILS ID="cocktail-000011" MENU_ID="2" NAME="Sex on the beach"/>
    <COCKTAILS ID="cocktail-000012" MENU_ID="3" NAME="Banana Blast II"/>

    <COCKTAILS_TO_INGREDIENTS COCKTAIL_ID="cocktail-000001" INGREDIENT_ID="8" VOLUME="20" MEASUREMENT="ML"/>
    <COCKTAILS_TO_INGREDIENTS COCKTAIL_ID="cocktail-000001" INGREDIENT_ID="11" VOLUME="20" MEASUREMENT="ML"/>
    <COCKTAILS_TO_INGREDIENTS COCKTAIL_ID="cocktail-000001" INGREDIENT_ID="16" VOLUME="20" MEASUREMENT="ML"/>
    <COCKTAILS_TO_INGREDIENTS COCKTAIL_ID="cocktail-000007" INGREDIENT_ID="16" VOLUME="50" MEASUREMENT="ML"/>
    <COCKTAILS_TO_INGREDIENTS COCKTAIL_ID="cocktail-000007" INGREDIENT_ID="17" VOLUME="150" MEASUREMENT="ML"/>
    <COCKTAILS_TO_INGREDIENTS COCKTAIL_ID="cocktail-000007" INGREDIENT_ID="14" VOLUME="5" MEASUREMENT="PCS"/>
    <COCKTAILS_TO_INGREDIENTS COCKTAIL_ID="cocktail-000006" INGREDIENT_ID="13" VOLUME="150" MEASUREMENT="ML"/>
    <COCKTAILS_TO_INGREDIENTS COCKTAIL_ID="cocktail-000006" INGREDIENT_ID="4" VOLUME="50" MEASUREMENT="ML"/>
    <COCKTAILS_TO_INGREDIENTS COCKTAIL_ID="cocktail-000006" INGREDIENT_ID="14" VOLUME="5" MEASUREMENT="PCS"/>
    <COCKTAILS_TO_INGREDIENTS COCKTAIL_ID="cocktail-000005" INGREDIENT_ID="1" VOLUME="20" MEASUREMENT="ML"/>
    <COCKTAILS_TO_INGREDIENTS COCKTAIL_ID="cocktail-000005" INGREDIENT_ID="2" VOLUME="20" MEASUREMENT="ML"/>
    <COCKTAILS_TO_INGREDIENTS COCKTAIL_ID="cocktail-000005" INGREDIENT_ID="3" VOLUME="20" MEASUREMENT="ML"/>
    <COCKTAILS_TO_INGREDIENTS COCKTAIL_ID="cocktail-000005" INGREDIENT_ID="4" VOLUME="20" MEASUREMENT="ML"/>
    <COCKTAILS_TO_INGREDIENTS COCKTAIL_ID="cocktail-000005" INGREDIENT_ID="6" VOLUME="20" MEASUREMENT="ML"/>
    <COCKTAILS_TO_INGREDIENTS COCKTAIL_ID="cocktail-000005" INGREDIENT_ID="17" VOLUME="150" MEASUREMENT="ML"/>
    <COCKTAILS_TO_INGREDIENTS COCKTAIL_ID="cocktail-000005" INGREDIENT_ID="14" VOLUME="5" MEASUREMENT="PCS"/>
    <COCKTAILS_TO_INGREDIENTS COCKTAIL_ID="cocktail-000005" INGREDIENT_ID="18" VOLUME="5" MEASUREMENT="PCS"/>

    <COCKTAILS_TO_INGREDIENTS COCKTAIL_ID="cocktail-000009" INGREDIENT_ID="13" VOLUME="250" MEASUREMENT="ML"/>
    <COCKTAILS_TO_INGREDIENTS COCKTAIL_ID="cocktail-000009" INGREDIENT_ID="12" VOLUME="10" MEASUREMENT="ML"/>

</dataset>