<?xml version="1.0" encoding="UTF-8"?>
<dataset>

    <INGREDIENTS ID="1" GROUP_NAME="Beverage" KIND="Vodka" TYPE="DISTILLED"/>
    <INGREDIENTS ID="2" GROUP_NAME="Beverage" KIND="Gin" TYPE="DISTILLED"/>
    <INGREDIENTS ID="3" GROUP_NAME="Beverage" KIND="Rum" TYPE="DISTILLED"/>
    <INGREDIENTS ID="4" GROUP_NAME="Beverage" KIND="Tequila" TYPE="DISTILLED"/>
    <INGREDIENTS ID="5" GROUP_NAME="Beverage" KIND="Bourbon" TYPE="DISTILLED"/>
    <INGREDIENTS ID="6" GROUP_NAME="Beverage" KIND="Whisky" TYPE="DISTILLED"/>
    <INGREDIENTS ID="7" GROUP_NAME="Beverage" KIND="Brandy" TYPE="DISTILLED"/>
    <INGREDIENTS ID="8" GROUP_NAME="Beverage" KIND="Triple Sec" TYPE="DISTILLED"/>
    <INGREDIENTS ID="9" GROUP_NAME="Beverage" KIND="Maraschino liqueur" TYPE="DISTILLED"/>
    <INGREDIENTS ID="10" GROUP_NAME="Beverage" KIND="Banana liqueur" TYPE="DISTILLED"/>
    <INGREDIENTS ID="11" GROUP_NAME="Beverage" KIND="Irish cream" TYPE="DISTILLED"/>
    <INGREDIENTS ID="12" GROUP_NAME="Additive" KIND="Grenadine" TYPE="1"/>
    <INGREDIENTS ID="13" GROUP_NAME="Drink" KIND="Orange Juice" TYPE="JUICE"/>
    <INGREDIENTS ID="14" GROUP_NAME="Additive" KIND="Ice" TYPE="1"/>
    <INGREDIENTS ID="15" GROUP_NAME="Additive" KIND="Sugar" TYPE="1"/>
    <INGREDIENTS ID="16" GROUP_NAME="Beverage" KIND="Coffee liqueur" TYPE="DISTILLED"/>
    <INGREDIENTS ID="17" GROUP_NAME="Drink" KIND="Coca Cola" TYPE="SODA"/>
    <INGREDIENTS ID="18" GROUP_NAME="Additive" KIND="Lime" TYPE="2"/>

</dataset>