<?xml version="1.0" encoding="UTF-8"?>
<dataset>

    <!-- user management -->
    <USERS USERNAME="super" PASSWORD="super" NAME="super" SURNAME="super" EMAIL="super@mybar.com" ACTIVE="true"/>
    <USERS USERNAME="admin" PASSWORD="admin" NAME="admin" SURNAME="admin" EMAIL="admin@mybar.com" ACTIVE="true"/>
    <USERS USERNAME="analyst" PASSWORD="analyst" NAME="Johny" SURNAME="Walker" EMAIL="mail@johnyw.com" ACTIVE="true"/>
    <USERS USERNAME="client" PASSWORD="client" NAME="client" SURNAME="client" EMAIL="client@mybar.com" ACTIVE="false"/>
    <USERS USERNAME="JohnDoe" PASSWORD="JhnD" NAME="John" SURNAME="Doe" EMAIL="john.doe@mybar.com" ACTIVE="true"/>

    <ROLES ROLE_NAME="ROLE_SUPER" DESCRIPTION=""/>
    <ROLES ROLE_NAME="ROLE_ADMIN" DESCRIPTION=""/>
    <ROLES ROLE_NAME="ROLE_ADMIN" DESCRIPTION=""/>
    <ROLES ROLE_NAME="ROLE_USER" DESCRIPTION=""/>

    <USER_HAS_ROLES USERNAME="super" ROLE_NAME="ROLE_SUPER"/>
    <USER_HAS_ROLES USERNAME="admin" ROLE_NAME="ROLE_ADMIN"/>
    <USER_HAS_ROLES USERNAME="analyst" ROLE_NAME="ROLE_ADMIN"/>
    <USER_HAS_ROLES USERNAME="client" ROLE_NAME="ROLE_USER">/</USER_HAS_ROLES>

    <USER_HAS_ROLES USERNAME="JohnDoe" ROLE_NAME="ROLE_SUPER"/>
    <USER_HAS_ROLES USERNAME="JohnDoe" ROLE_NAME="ROLE_ADMIN"/>
    <USER_HAS_ROLES USERNAME="JohnDoe" ROLE_NAME="ROLE_USER"/>

    <USER_HAS_ROLES USERNAME="analyst" ROLE_NAME="ROLE_USER"/>

</dataset>